// Jest Snapshot v1, https://goo.gl/fbAQLP

exports[`Billing should render Billing component 1`] = `
<div
  className="sc-fzplWN hBpaEh container-fluid"
>
  <div
    className="d-flex justify-content-center bg row"
  >
    <div
      className="bg-white wrapper-shipping-width col-md-6 col-sm-8 col-10"
    >
      <div
        className="row"
      >
        <div
          className="d-flex align-items-center shipping-wrapper col"
        >
          <span>
            Shipping
          </span>
          <div
            className="sc-fznyAO fVayuL"
          />
          <span
            className="shipping-color"
          >
            Billing
          </span>
          <div
            className="sc-fznyAO fVayuL"
          />
          <span>
            Payment
          </span>
        </div>
      </div>
      <div
        className="row"
      >
        <div
          className="text-left col-lg-8 col-md-8 col-sm-8 col-8"
        >
          <h2
            className="sc-fznKkj eeVuea"
          >
            Billing Information
          </h2>
        </div>
        <div
          className="pr-3 col-lg-4 col-md-4 col-sm-4 col-4"
        >
          <p
            className="sc-fznZeY beAsPI text-right"
            onClick={[Function]}
          >
            Same as shipping
          </p>
        </div>
      </div>
      <form
        className=""
      >
        <div
          className="form-group"
        >
          <label
            className="recipient mb-3 form-label"
          >
            Billing Contact
          </label>
          <input
            className="form-control"
            name="fullName"
            onChange={[Function]}
            placeholder="Full Name"
            type="text"
            value=""
          />
          <small
            className="errors form-text"
          />
          <div
            className="daytime row"
          >
            <div
              className="col"
            >
              <input
                className="form-control"
                name="email"
                onChange={[Function]}
                placeholder="Email"
                required={true}
                type="text"
              />
              <small
                className="errors form-text"
              />
            </div>
          </div>
          <label
            className="recipient mb-3 form-label"
          >
            Billing Address
          </label>
          <input
            className="indent form-control"
            name="streetAddress"
            onChange={[Function]}
            placeholder="Street Address"
            required={true}
            type="text"
            value=""
          />
          <small
            className="errors form-text"
          />
          <input
            className="indent form-control"
            name="apt"
            onChange={[Function]}
            placeholder="Apt, Suite, Bldg, Gate Code. (optional)"
            type="text"
            value=""
          />
          <small
            className="errors form-text"
          />
          <input
            className="indent form-control"
            name="city"
            onChange={[Function]}
            placeholder="City"
            type="text"
            value=""
          />
          <small
            className="errors form-text"
          />
          <div
            className="row"
          >
            <div
              className="col-md-7 col-sm-7 col-7"
            >
              <select
                className="form-control"
                name="country"
                onChange={[Function]}
                value=""
              >
                <option>
                  Country
                </option>
                <option
                  value="Usa"
                >
                  USA
                </option>
                <option
                  value="Italy"
                >
                  Italy
                </option>
              </select>
              <small
                className="errors form-text"
              />
            </div>
            <div
              className="col"
            >
              <input
                className="form-control"
                name="zip"
                onChange={[Function]}
                placeholder="ZIP"
                type="text"
                value=""
              />
              <small
                className="errors form-text"
              />
            </div>
          </div>
        </div>
      </form>
      <div
        className="row"
      >
        <div
          className="col-md-7 col-sm-7 col-7"
        >
          <button
            className="button-continue mb-4 btn btn-primary btn-block"
            disabled={false}
            onClick={[Function]}
            type="button"
          >
            Continue
          </button>
        </div>
      </div>
    </div>
    <div
      className="grey wrapper-order-width col-md-5 col-sm-8 col-10"
    >
      <div
        className="sc-AxjAm dBGbwJ"
      >
        <div
          className="row"
        >
          <div
            className="col"
          >
            <h3
              className="sc-AxirZ iNpdgK"
            >
              Order Summary
            </h3>
          </div>
          <div
            className="text-right col"
          >
            <span
              className="sc-AxiKw kMCivh"
            >
              edit order
            </span>
          </div>
        </div>
        <div
          className="wrapper-product ml-1 row"
        >
          <div
            className="d-flex flex-column justify-content-between text-left p-0 col-xl-8 col-md-8 col-sm-8 col-8"
          >
            <span
              className="sc-AxmLO gfOsYl"
            >
              Subtotal
            </span>
            <span
              className="sc-AxmLO gfOsYl"
            >
              Shipping
            </span>
            <span
              className="sc-AxmLO gfOsYl"
            >
              Taxes
            </span>
          </div>
          <div
            className="text-right p-0 d-flex flex-column justify-content-between col-xl-4 col-md-4 col-sm-4 col-4"
          >
            <span
              className="sc-AxmLO gfOsYl"
            >
              Free
            </span>
          </div>
        </div>
        <div
          className="mt-3 row"
        >
          <div
            className="col"
          >
            <span
              className="sc-fzozJi ctA-DOD"
            >
              Total
            </span>
          </div>
          <div
            className="text-right pb-5 col"
          />
        </div>
        <div
          className="text-center mt-5 row"
        >
          <div
            className="col"
          >
            <p
              className="sc-fzoLsD fESKKq"
            >
              All purchases are subject to our 
              <span
                className="sc-fzpans gTQLxR"
              >
                Terms and Conditions
              </span>
            </p>
          </div>
        </div>
      </div>
    </div>
  </div>
</div>
`;
