// Jest Snapshot v1, https://goo.gl/fbAQLP

exports[`Payment should render Payment component 1`] = `
<div
  className="sc-AxjAm emnRQd container-fluid"
>
  <div
    className="d-flex justify-content-center bg row"
  >
    <div
      className="bg-white wrapper-shipping-width col-md-6 col-sm-8 col-10"
    >
      <div
        className="row"
      >
        <div
          className="d-flex align-items-center shipping-wrapper col"
        >
          <span>
            Shipping
          </span>
          <div
            className="sc-AxirZ gwOTvu"
          />
          <span>
            Billing
          </span>
          <div
            className="sc-AxirZ gwOTvu"
          />
          <span
            className="shipping-color"
          >
            Payment
          </span>
        </div>
      </div>
      <div
        className="row"
      >
        <div
          className="text-left col"
        >
          <h2
            className="sc-AxiKw iYcDPJ"
          >
            Payment
          </h2>
        </div>
      </div>
      <div
        className="row"
      >
        <div
          className="d-flex  col"
        >
          <i
            className="fas fa-lock lock"
          />
          <p
            className="sc-AxhCb fHTAEz ml-2"
          >
            This is a secure 128-bit SSL encrypted payment
          </p>
        </div>
      </div>
      <form
        className=""
      >
        <div
          className="form-group"
        >
          <label
            className="recipient form-label"
          >
            Cardholder Name
          </label>
          <input
            className="form-control"
            name="cardHolderName"
            onChange={[Function]}
            placeholder="Name as it appears on your card"
            type="text"
            value=""
          />
          <small
            className="errors form-text"
          />
          <label
            className="recipient mt-4 form-label"
          >
            Card Number
          </label>
          <input
            className="indent form-control"
            name="cardNumber"
            onChange={[Function]}
            placeholder="XXXX XXXX XXXX XXXX"
            type="text"
            value=""
          />
          <small
            className="errors form-text"
          />
          <div
            className="row"
          >
            <div
              className="col-xl-3 col-lg-3 col-md-4 col-sm-4 col-5"
            >
              <label
                className="recipient mt-3 form-label"
              >
                Expire Date
              </label>
              <input
                className="indent form-control"
                name="expireDate"
                onChange={[Function]}
                placeholder="MM/YY"
                type="text"
                value=""
              />
              <small
                className="errors form-text"
              />
            </div>
            <div
              className="col-xl-4 col-lg-4 col-md-4 col-sm-4 col-6"
            >
              <label
                className="recipient mt-3 form-label"
              >
                Security Code
              </label>
              <input
                className="form-control"
                name="securityCode"
                onChange={[Function]}
                placeholder=""
                type="text"
                value=""
              />
              <small
                className="errors form-text"
              />
            </div>
          </div>
        </div>
        <div
          className="row"
        >
          <div
            className="col-md-7 col-sm-7 col-7"
          >
            <button
              className="button-continue mb-4 btn btn-primary btn-block"
              disabled={false}
              onClick={[Function]}
              type="button"
            >
              Pay Securely
            </button>
          </div>
        </div>
      </form>
    </div>
    <div
      className="grey wrapper-order-width col-md-5 col-sm-8 col-10"
    >
      <div
        className="sc-AxhUy jgEmor"
      >
        <div
          className="row"
        >
          <div
            className="col"
          >
            <h3
              className="sc-AxgMl jDLWTK"
            >
              Order Summary
            </h3>
          </div>
          <div
            className="text-right col"
          >
            <span
              className="sc-AxheI cCnoCk"
            >
              edit order
            </span>
          </div>
        </div>
        <div
          className="wrapper-product ml-1 row"
        >
          <div
            className="d-flex flex-column justify-content-between text-left p-0 col-xl-8 col-md-8 col-sm-8 col-8"
          >
            <span
              className="sc-fzplWN ZTybQ"
            >
              Subtotal
            </span>
            <span
              className="sc-fzplWN ZTybQ"
            >
              Shipping
            </span>
            <span
              className="sc-fzplWN ZTybQ"
            >
              Taxes
            </span>
          </div>
          <div
            className="text-right p-0 d-flex flex-column justify-content-between col-xl-4 col-md-4 col-sm-4 col-4"
          >
            <span
              className="sc-fzplWN ZTybQ"
            >
              Free
            </span>
          </div>
        </div>
        <div
          className="mt-3 row"
        >
          <div
            className="col"
          >
            <span
              className="sc-fznyAO gQvMrU"
            >
              Total
            </span>
          </div>
          <div
            className="text-right pb-5 col"
          />
        </div>
        <div
          className="text-center mt-5 row"
        >
          <div
            className="col"
          >
            <p
              className="sc-fznKkj jgmjte"
            >
              All purchases are subject to our 
              <span
                className="sc-fznZeY dpajSd"
              >
                Terms and Conditions
              </span>
            </p>
          </div>
        </div>
      </div>
    </div>
  </div>
</div>
`;
