// Jest Snapshot v1, https://goo.gl/fbAQLP

exports[`ThanksPage should render ThanksPage component 1`] = `
<div
  className="sc-AxjAm emnRQd container-fluid"
>
  <div
    className="d-flex justify-content-center bg row"
  >
    <div
      className="bg-white wrapper-shipping-width col-md-6 col-sm-8 col-10"
    >
      <div
        className="row"
      >
        <div
          className="text-left mt-5 ml-3 col"
        >
          <p
            className="sc-fzqBZW eOYARb"
          >
            Thank you for your order!
          </p>
        </div>
      </div>
      <div
        className="row"
      >
        <div
          className="text-left ml-3 col"
        >
          <p
            className="sc-fzqNJr bCRZog"
          >
            Order number is: 188787788
          </p>
        </div>
      </div>
      <div
        className="row"
      >
        <div
          className="text-left ml-3 mr-5 col"
        />
      </div>
      <div
        className="row"
      >
        <div
          className="text-left ml-3 col"
        >
          <p
            className="sc-fzoyAV fLPRJE mb-0"
          >
            Estimated delivery Day is
          </p>
          <p
            className="sc-fzoXzr hhhZcE"
          >
            Friday 1st April 2016
          </p>
        </div>
      </div>
      <div
        className="row"
      >
        <div
          className="text-left ml-3 mt-2 col"
        >
          <p
            className="sc-fzpjYC kJNrby"
          >
            Print Recipe
          </p>
        </div>
      </div>
    </div>
    <div
      className="grey wrapper-order-width col-md-5 col-sm-8 col-10"
    >
      <div
        className="sc-AxhCb gCHefG"
      >
        <div
          className="row"
        >
          <div
            className="col"
          >
            <h3
              className="sc-AxhUy ddBKQc"
            >
              Order Summary
            </h3>
          </div>
          <div
            className="text-right col"
          >
            <span
              className="sc-AxgMl OIChS"
            >
              edit order
            </span>
          </div>
        </div>
        <div
          className="wrapper-product ml-1 row"
        >
          <div
            className="d-flex flex-column justify-content-between text-left p-0 col-xl-8 col-md-8 col-sm-8 col-8"
          >
            <span
              className="sc-fzpans erUppB"
            >
              Subtotal
            </span>
            <span
              className="sc-fzpans erUppB"
            >
              Shipping
            </span>
            <span
              className="sc-fzpans erUppB"
            >
              Taxes
            </span>
          </div>
          <div
            className="text-right p-0 d-flex flex-column justify-content-between col-xl-4 col-md-4 col-sm-4 col-4"
          >
            <span
              className="sc-fzpans erUppB"
            >
              Free
            </span>
          </div>
        </div>
        <div
          className="mt-3 row"
        >
          <div
            className="col"
          >
            <span
              className="sc-fzplWN gbCGPk"
            >
              Total
            </span>
          </div>
          <div
            className="text-right pb-5 col"
          />
        </div>
        <div
          className="text-center mt-5 row"
        >
          <div
            className="col"
          >
            <p
              className="sc-fznyAO gGyRlb"
            >
              All purchases are subject to our 
              <span
                className="sc-fznKkj cYYIqp"
              >
                Terms and Conditions
              </span>
            </p>
          </div>
        </div>
      </div>
    </div>
  </div>
</div>
`;
